[2026-06-07T18:09:25.315Z] [WA] Triggering client.initialize()...
[2026-06-07T18:09:25.343Z] WhatsApp headless helper service running at http://127.0.0.1:3000
[2026-06-07T18:09:36.444Z] New WhatsApp QR code received
[2026-06-07T18:10:36.324Z] New WhatsApp QR code received
[2026-06-07T18:10:56.328Z] New WhatsApp QR code received
[2026-06-07T18:11:29.205Z] WhatsApp Web Authenticated successfully
[2026-06-07T18:11:29.206Z] WhatsApp Web Authenticated successfully
[2026-06-07T18:11:29.207Z] WhatsApp Web Authenticated successfully
[2026-06-07T18:11:29.208Z] WhatsApp Web Authenticated successfully
[2026-06-07T18:11:29.208Z] WhatsApp Web Authenticated successfully
[2026-06-07T18:11:31.513Z] WhatsApp Web Client is READY
[2026-06-07T18:16:36.527Z] WhatsApp Web Authenticated successfully
[2026-06-07T18:16:36.659Z] WhatsApp Web Client is READY
[2026-06-07T19:15:23.271Z] [WA] Logout requested. Clearing session...
[2026-06-07T19:15:26.074Z] [WA] GET /qr: Client is disconnected and no QR found. Auto-reinitializing...
[2026-06-07T19:15:26.074Z] [WA] Triggering client.initialize()...
[2026-06-07T19:15:26.939Z] [WA] Reinitializing client after logout...
[2026-06-07T19:15:26.939Z] [WA] Skip initialization (isInitializing=true, status=INITIALIZING)
[2026-06-07T19:15:43.801Z] New WhatsApp QR code received
[2026-06-07T19:16:43.615Z] New WhatsApp QR code received
[2026-06-07T19:17:03.623Z] New WhatsApp QR code received
[2026-06-07T19:17:23.639Z] New WhatsApp QR code received
[2026-06-07T19:17:43.653Z] New WhatsApp QR code received
[2026-06-07T19:18:03.655Z] New WhatsApp QR code received
[2026-06-07T19:19:14.723Z] New WhatsApp QR code received
[2026-06-07T19:20:14.728Z] New WhatsApp QR code received
[2026-06-07T19:20:34.741Z] New WhatsApp QR code received
[2026-06-07T19:20:54.743Z] New WhatsApp QR code received
[2026-06-07T19:21:14.751Z] New WhatsApp QR code received
[2026-06-07T19:21:34.761Z] New WhatsApp QR code received
[2026-06-07T19:22:46.172Z] New WhatsApp QR code received
[2026-06-07T19:23:46.177Z] New WhatsApp QR code received
[2026-06-07T19:24:06.188Z] New WhatsApp QR code received
[2026-06-07T19:24:26.199Z] New WhatsApp QR code received
[2026-06-07T19:24:46.214Z] New WhatsApp QR code received
[2026-06-07T19:25:06.222Z] New WhatsApp QR code received
[2026-06-07T19:26:17.531Z] New WhatsApp QR code received
[2026-06-07T19:27:17.533Z] New WhatsApp QR code received
[2026-06-07T19:27:37.540Z] New WhatsApp QR code received
[2026-06-07T19:27:57.556Z] New WhatsApp QR code received
[2026-06-07T19:28:17.559Z] New WhatsApp QR code received
[2026-06-07T19:28:37.562Z] New WhatsApp QR code received
[2026-06-07T19:29:49.221Z] New WhatsApp QR code received
[2026-06-07T19:30:49.230Z] New WhatsApp QR code received
[2026-06-07T19:31:09.246Z] New WhatsApp QR code received
[2026-06-07T19:31:29.256Z] New WhatsApp QR code received
[2026-06-07T19:31:49.265Z] New WhatsApp QR code received
[2026-06-07T19:32:09.274Z] New WhatsApp QR code received
[2026-06-07T19:33:19.364Z] New WhatsApp QR code received
[2026-06-07T19:34:19.366Z] New WhatsApp QR code received
[2026-06-07T19:34:39.376Z] New WhatsApp QR code received
[2026-06-07T19:34:59.379Z] New WhatsApp QR code received
[2026-06-07T19:35:19.392Z] New WhatsApp QR code received
[2026-06-07T19:35:39.396Z] New WhatsApp QR code received
[2026-06-07T19:36:50.760Z] New WhatsApp QR code received
[2026-06-07T19:37:50.770Z] New WhatsApp QR code received
[2026-06-07T19:38:10.772Z] New WhatsApp QR code received
[2026-06-07T19:38:30.786Z] New WhatsApp QR code received
[2026-06-07T19:38:50.796Z] New WhatsApp QR code received
[2026-06-07T19:39:10.811Z] New WhatsApp QR code received
[2026-06-07T19:40:20.928Z] New WhatsApp QR code received
[2026-06-07T19:41:20.942Z] New WhatsApp QR code received
[2026-06-07T19:41:40.951Z] New WhatsApp QR code received
[2026-06-07T19:42:00.964Z] New WhatsApp QR code received
[2026-06-07T19:42:20.971Z] New WhatsApp QR code received
[2026-06-07T19:42:40.974Z] New WhatsApp QR code received
[2026-06-07T19:43:52.192Z] New WhatsApp QR code received
[2026-06-07T19:44:52.194Z] New WhatsApp QR code received
[2026-06-07T19:45:12.202Z] New WhatsApp QR code received
[2026-06-07T19:45:32.210Z] New WhatsApp QR code received
[2026-06-07T19:45:52.223Z] New WhatsApp QR code received
[2026-06-07T19:46:12.224Z] New WhatsApp QR code received
[2026-06-07T19:47:23.436Z] New WhatsApp QR code received
[2026-06-07T19:48:23.449Z] New WhatsApp QR code received
[2026-06-07T19:48:43.463Z] New WhatsApp QR code received
[2026-06-07T19:49:03.467Z] New WhatsApp QR code received
[2026-06-07T19:49:23.482Z] New WhatsApp QR code received
[2026-06-07T19:49:43.493Z] New WhatsApp QR code received
[2026-06-07T19:50:54.438Z] New WhatsApp QR code received
[2026-06-07T19:51:54.453Z] New WhatsApp QR code received
[2026-06-07T19:52:14.466Z] New WhatsApp QR code received
[2026-06-07T19:52:34.468Z] New WhatsApp QR code received
[2026-06-07T19:52:54.471Z] New WhatsApp QR code received
[2026-06-07T19:53:14.482Z] New WhatsApp QR code received
[2026-06-07T19:54:25.830Z] New WhatsApp QR code received
[2026-06-07T19:55:25.843Z] New WhatsApp QR code received
[2026-06-07T19:55:45.855Z] New WhatsApp QR code received
[2026-06-07T19:56:05.869Z] New WhatsApp QR code received
[2026-06-07T19:56:25.876Z] New WhatsApp QR code received
[2026-06-07T19:56:45.883Z] New WhatsApp QR code received
[2026-06-07T19:57:57.516Z] New WhatsApp QR code received
[2026-06-07T19:58:57.526Z] New WhatsApp QR code received
[2026-06-07T19:59:17.542Z] New WhatsApp QR code received
[2026-06-07T19:59:37.553Z] New WhatsApp QR code received
[2026-06-07T19:59:57.559Z] New WhatsApp QR code received
[2026-06-07T20:00:17.571Z] New WhatsApp QR code received
[2026-06-07T20:01:28.524Z] New WhatsApp QR code received
[2026-06-07T20:02:28.538Z] New WhatsApp QR code received
[2026-06-07T20:02:48.541Z] New WhatsApp QR code received
[2026-06-07T20:03:08.555Z] New WhatsApp QR code received
[2026-06-07T20:03:28.569Z] New WhatsApp QR code received
[2026-06-07T20:03:48.571Z] New WhatsApp QR code received
[2026-06-07T20:04:59.488Z] New WhatsApp QR code received
[2026-06-07T20:05:59.491Z] New WhatsApp QR code received
[2026-06-07T20:06:19.503Z] New WhatsApp QR code received
[2026-06-07T20:06:39.517Z] New WhatsApp QR code received
[2026-06-07T20:06:59.531Z] New WhatsApp QR code received
[2026-06-07T20:07:19.541Z] New WhatsApp QR code received
[2026-06-07T20:08:30.835Z] New WhatsApp QR code received
[2026-06-07T20:09:30.843Z] New WhatsApp QR code received
[2026-06-07T20:09:50.847Z] New WhatsApp QR code received
[2026-06-07T20:10:10.852Z] New WhatsApp QR code received
[2026-06-07T20:10:30.866Z] New WhatsApp QR code received
[2026-06-07T20:10:50.879Z] New WhatsApp QR code received
[2026-06-07T20:12:02.222Z] New WhatsApp QR code received
[2026-06-07T20:13:02.231Z] New WhatsApp QR code received
[2026-06-07T20:13:22.245Z] New WhatsApp QR code received
[2026-06-07T20:13:42.249Z] New WhatsApp QR code received
[2026-06-07T20:14:02.261Z] New WhatsApp QR code received
[2026-06-07T20:14:22.262Z] New WhatsApp QR code received
[2026-06-07T20:15:33.058Z] New WhatsApp QR code received
[2026-06-07T20:16:33.066Z] New WhatsApp QR code received
[2026-06-07T20:16:53.080Z] New WhatsApp QR code received
[2026-06-07T20:17:13.094Z] New WhatsApp QR code received
[2026-06-07T20:17:33.098Z] New WhatsApp QR code received
[2026-06-07T20:17:53.110Z] New WhatsApp QR code received
[2026-06-07T20:19:04.233Z] New WhatsApp QR code received
[2026-06-07T20:20:04.239Z] New WhatsApp QR code received
[2026-06-07T20:20:24.247Z] New WhatsApp QR code received
[2026-06-07T20:20:44.250Z] New WhatsApp QR code received
[2026-06-07T20:21:04.252Z] New WhatsApp QR code received
[2026-06-07T20:21:24.256Z] New WhatsApp QR code received
[2026-06-07T20:22:35.242Z] New WhatsApp QR code received
[2026-06-07T20:23:35.250Z] New WhatsApp QR code received
[2026-06-07T20:23:55.266Z] New WhatsApp QR code received
[2026-06-07T20:24:15.271Z] New WhatsApp QR code received
[2026-06-07T20:24:35.285Z] New WhatsApp QR code received
[2026-06-07T20:24:55.293Z] New WhatsApp QR code received
[2026-06-07T20:26:06.502Z] New WhatsApp QR code received
[2026-06-07T20:27:06.513Z] New WhatsApp QR code received
[2026-06-07T20:27:26.514Z] New WhatsApp QR code received
[2026-06-07T20:27:46.520Z] New WhatsApp QR code received
[2026-06-07T20:28:06.531Z] New WhatsApp QR code received
[2026-06-07T20:28:26.537Z] New WhatsApp QR code received
[2026-06-07T20:29:37.663Z] New WhatsApp QR code received
[2026-06-07T20:30:37.663Z] New WhatsApp QR code received
[2026-06-07T20:30:57.675Z] New WhatsApp QR code received
[2026-06-07T20:31:17.676Z] New WhatsApp QR code received
[2026-06-07T20:31:37.677Z] New WhatsApp QR code received
[2026-06-07T20:31:57.678Z] New WhatsApp QR code received
[2026-06-07T20:33:09.035Z] New WhatsApp QR code received
[2026-06-07T20:34:09.042Z] New WhatsApp QR code received
[2026-06-07T20:34:29.058Z] New WhatsApp QR code received
[2026-06-07T20:34:49.065Z] New WhatsApp QR code received
[2026-06-07T20:35:09.066Z] New WhatsApp QR code received
[2026-06-07T20:35:29.080Z] New WhatsApp QR code received
[2026-06-07T20:36:40.365Z] New WhatsApp QR code received
[2026-06-07T20:37:40.366Z] New WhatsApp QR code received
[2026-06-07T20:38:00.369Z] New WhatsApp QR code received
[2026-06-07T20:38:20.370Z] New WhatsApp QR code received
[2026-06-07T20:38:40.379Z] New WhatsApp QR code received
[2026-06-07T20:39:00.389Z] New WhatsApp QR code received
[2026-06-07T20:40:12.078Z] New WhatsApp QR code received
[2026-06-07T20:41:12.090Z] New WhatsApp QR code received
[2026-06-07T20:41:32.105Z] New WhatsApp QR code received
[2026-06-07T20:41:52.110Z] New WhatsApp QR code received
[2026-06-07T20:42:12.123Z] New WhatsApp QR code received
[2026-06-07T20:42:32.130Z] New WhatsApp QR code received
[2026-06-07T20:43:42.673Z] New WhatsApp QR code received
[2026-06-07T20:44:42.677Z] New WhatsApp QR code received
[2026-06-07T20:45:02.681Z] New WhatsApp QR code received
[2026-06-07T20:45:22.695Z] New WhatsApp QR code received
[2026-06-07T20:45:42.712Z] New WhatsApp QR code received
[2026-06-07T20:46:02.727Z] New WhatsApp QR code received
[2026-06-07T20:47:13.803Z] New WhatsApp QR code received
[2026-06-07T20:48:13.809Z] New WhatsApp QR code received
[2026-06-07T20:48:33.821Z] New WhatsApp QR code received
[2026-06-07T20:48:53.829Z] New WhatsApp QR code received
[2026-06-07T20:49:13.830Z] New WhatsApp QR code received
[2026-06-07T20:49:33.839Z] New WhatsApp QR code received
[2026-06-07T20:50:45.187Z] New WhatsApp QR code received
[2026-06-07T20:51:45.197Z] New WhatsApp QR code received
[2026-06-07T20:52:05.203Z] New WhatsApp QR code received
[2026-06-07T20:52:25.203Z] New WhatsApp QR code received
[2026-06-07T20:52:45.205Z] New WhatsApp QR code received
[2026-06-07T20:53:05.213Z] New WhatsApp QR code received
[2026-06-07T20:54:16.411Z] New WhatsApp QR code received
[2026-06-07T20:55:16.414Z] New WhatsApp QR code received
[2026-06-07T20:55:36.417Z] New WhatsApp QR code received
[2026-06-07T20:55:56.423Z] New WhatsApp QR code received
[2026-06-07T20:56:16.434Z] New WhatsApp QR code received
[2026-06-07T20:56:36.442Z] New WhatsApp QR code received
[2026-06-07T20:57:47.593Z] New WhatsApp QR code received
[2026-06-07T20:58:47.596Z] New WhatsApp QR code received
[2026-06-07T20:59:07.605Z] New WhatsApp QR code received
[2026-06-07T20:59:27.607Z] New WhatsApp QR code received
[2026-06-07T20:59:47.620Z] New WhatsApp QR code received
[2026-06-07T21:00:07.624Z] New WhatsApp QR code received
[2026-06-07T21:01:18.571Z] New WhatsApp QR code received
[2026-06-07T21:02:18.584Z] New WhatsApp QR code received
[2026-06-07T21:02:38.595Z] New WhatsApp QR code received
[2026-06-07T21:02:58.598Z] New WhatsApp QR code received
[2026-06-07T21:03:18.605Z] New WhatsApp QR code received
[2026-06-07T21:03:38.613Z] New WhatsApp QR code received
[2026-06-07T21:04:50.332Z] New WhatsApp QR code received
[2026-06-07T21:05:50.336Z] New WhatsApp QR code received
[2026-06-07T21:11:23.894Z] [WA] Triggering client.initialize()...
[2026-06-07T21:11:23.942Z] WhatsApp headless helper service running at http://127.0.0.1:3000
[2026-06-07T21:11:50.342Z] New WhatsApp QR code received
